// Jest Snapshot v1, https://goo.gl/fbAQLP

exports[`Test Card On Click 1`] = `
Object {
  "asFragment": [Function],
  "baseElement": <body>
    <div>
      <a
        href="/services/1"
        style="text-decoration: none;"
      >
        <button
          class="service-card"
          role="cell"
        >
          <div
            class="card-content"
          >
            <img
              alt="TEST BUTTON"
              src="not-found.png"
            />
            <span>
              TEST BUTTON
            </span>
            <hr />
            <p>
              this is a test
            </p>
          </div>
        </button>
      </a>
    </div>
  </body>,
  "container": <div>
    <a
      href="/services/1"
      style="text-decoration: none;"
    >
      <button
        class="service-card"
        role="cell"
      >
        <div
          class="card-content"
        >
          <img
            alt="TEST BUTTON"
            src="not-found.png"
          />
          <span>
            TEST BUTTON
          </span>
          <hr />
          <p>
            this is a test
          </p>
        </div>
      </button>
    </a>
  </div>,
  "debug": [Function],
  "findAllByAltText": [Function],
  "findAllByDisplayValue": [Function],
  "findAllByLabelText": [Function],
  "findAllByPlaceholderText": [Function],
  "findAllByRole": [Function],
  "findAllByTestId": [Function],
  "findAllByText": [Function],
  "findAllByTitle": [Function],
  "findByAltText": [Function],
  "findByDisplayValue": [Function],
  "findByLabelText": [Function],
  "findByPlaceholderText": [Function],
  "findByRole": [Function],
  "findByTestId": [Function],
  "findByText": [Function],
  "findByTitle": [Function],
  "getAllByAltText": [Function],
  "getAllByDisplayValue": [Function],
  "getAllByLabelText": [Function],
  "getAllByPlaceholderText": [Function],
  "getAllByRole": [Function],
  "getAllByTestId": [Function],
  "getAllByText": [Function],
  "getAllByTitle": [Function],
  "getByAltText": [Function],
  "getByDisplayValue": [Function],
  "getByLabelText": [Function],
  "getByPlaceholderText": [Function],
  "getByRole": [Function],
  "getByTestId": [Function],
  "getByText": [Function],
  "getByTitle": [Function],
  "queryAllByAltText": [Function],
  "queryAllByDisplayValue": [Function],
  "queryAllByLabelText": [Function],
  "queryAllByPlaceholderText": [Function],
  "queryAllByRole": [Function],
  "queryAllByTestId": [Function],
  "queryAllByText": [Function],
  "queryAllByTitle": [Function],
  "queryByAltText": [Function],
  "queryByDisplayValue": [Function],
  "queryByLabelText": [Function],
  "queryByPlaceholderText": [Function],
  "queryByRole": [Function],
  "queryByTestId": [Function],
  "queryByText": [Function],
  "queryByTitle": [Function],
  "rerender": [Function],
  "unmount": [Function],
}
`;

exports[`Test Card Renders 1`] = `
<a
  href="/services/1"
  onClick={[Function]}
  style={
    Object {
      "textDecoration": "none",
    }
  }
>
  <button
    className="service-card"
    role="cell"
  >
    <div
      className="card-content"
    >
      <img
        alt="TEST BUTTON"
        src="not-found.png"
      />
      <span>
        TEST BUTTON
      </span>
      <hr />
      <p>
        this is a test
      </p>
    </div>
  </button>
</a>
`;
