// Jest Snapshot v1, https://goo.gl/fbAQLP

exports[`Employees test renders employees components successfully 1`] = `
<div
  className="makeStyles-root-1"
/>
`;
